    ██████████████▓▓▓▓▓▓▓▓▓▓▒
40k █████████████▓▓▓▓▓▓▓▓▓▓▒·
    ███████████▓▓▓▓▓▓▓▓▓▓▒···
30k ████████▓▓▓▓▓▓▓▓▓▓▒······
    █████▓▓▓▓▓▓▓▓▓▓▒·········
20k ██▓▓▓▓▓▓▓▓▓▓▒············
    ▓▓▓▓▓▓▓▓▓▒···············
10k ▓▓▓▓▓▓▒··················
    ▓▓▓▒·····················
    ▓▒·······················
    0         100       200   nm
[gray]max 152 nm @ FL380[white]